\BOOKMARK [0][-]{chapter.1}{\376\377\000P\000r\000o\000b\000l\000e\000m\000a\000,\000\040\000c\000o\000n\000t\000e\000x\000t\000o\000\040\000y\000\040\000u\000t\000i\000l\000i\000d\000a\000d\000\040\000r\000e\000a\000l}{}% 1
\BOOKMARK [1][-]{section.1.1}{\376\377\000J\000u\000s\000t\000i\000f\000i\000c\000a\000c\000i\000\363\000n\000\040\000d\000e\000l\000\040\000P\000r\000o\000y\000e\000c\000t\000o}{chapter.1}% 2
\BOOKMARK [1][-]{section.1.2}{\376\377\000C\000o\000n\000t\000e\000x\000t\000o\000\040\000d\000e\000l\000\040\000P\000r\000o\000y\000e\000c\000t\000o}{chapter.1}% 3
\BOOKMARK [1][-]{section.1.3}{\376\377\000P\000r\000e\000s\000e\000n\000t\000a\000c\000i\000\363\000n\000\040\000d\000e\000l\000\040\000p\000r\000o\000y\000e\000c\000t\000o\000\040\000y\000\040\000d\000e\000l\000\040\000p\000r\000o\000b\000l\000e\000m\000a}{chapter.1}% 4
\BOOKMARK [1][-]{section.1.4}{\376\377\000U\000t\000i\000l\000i\000d\000a\000d\000\040\000r\000e\000a\000l\000\040\000d\000e\000\040\000l\000a\000\040\000p\000r\000o\000p\000u\000e\000s\000t\000a}{chapter.1}% 5
\BOOKMARK [1][-]{section.1.5}{\376\377\000E\000s\000t\000r\000u\000c\000t\000u\000r\000a\000\040\000d\000e\000l\000\040\000t\000r\000a\000b\000a\000j\000o}{chapter.1}% 6
\BOOKMARK [1][-]{section.1.6}{\376\377\000E\000s\000t\000r\000u\000c\000t\000u\000r\000a\000\040\000d\000e\000l\000\040\000t\000r\000a\000b\000a\000j\000o}{chapter.1}% 7
\BOOKMARK [0][-]{chapter.2}{\376\377\000O\000b\000j\000e\000t\000i\000v\000o\000s\000\040\000y\000\040\000p\000l\000a\000n\000i\000f\000i\000c\000a\000c\000i\000\363\000n}{}% 8
\BOOKMARK [1][-]{section.2.1}{\376\377\000O\000b\000j\000e\000t\000i\000v\000o\000\040\000g\000e\000n\000e\000r\000a\000l}{chapter.2}% 9
\BOOKMARK [1][-]{section.2.2}{\376\377\000O\000b\000j\000e\000t\000i\000v\000o\000s\000\040\000e\000s\000p\000e\000c\000\355\000f\000i\000c\000o\000s}{chapter.2}% 10
\BOOKMARK [1][-]{section.2.3}{\376\377\000P\000l\000a\000n\000i\000f\000i\000c\000a\000c\000i\000\363\000n\000\040\000S\000c\000r\000u\000m\000\040\000y\000\040\000l\000i\000s\000t\000a\000\040\000d\000e\000\040\000t\000a\000r\000e\000a\000s}{chapter.2}% 11
\BOOKMARK [2][-]{subsection.2.3.1}{\376\377\000T\000a\000r\000e\000a\000\040\0001\000.\000\040\000D\000o\000c\000u\000m\000e\000n\000t\000a\000c\000i\000\363\000n\000,\000\040\000i\000n\000v\000e\000s\000t\000i\000g\000a\000c\000i\000\363\000n\000\040\000y\000\040\000a\000n\000\341\000l\000i\000s\000i\000s\000\040\000d\000e\000l\000\040\000e\000s\000t\000a\000d\000o\000\040\000d\000e\000l\000\040\000a\000r\000t\000e}{section.2.3}% 12
\BOOKMARK [2][-]{subsection.2.3.2}{\376\377\000T\000a\000r\000e\000a\000\040\0002\000.\000\040\000D\000i\000s\000e\000\361\000o\000\040\000d\000e\000l\000\040\000p\000r\000o\000t\000o\000t\000i\000p\000o\000,\000\040\000l\000a\000s\000\040\000e\000n\000t\000i\000d\000a\000d\000e\000s\000\040\000y\000\040\000e\000l\000\040\000d\000o\000m\000i\000n\000i\000o}{section.2.3}% 13
\BOOKMARK [2][-]{subsection.2.3.3}{\376\377\000T\000a\000r\000e\000a\000\040\0003\000.\000\040\000D\000i\000s\000e\000\361\000o\000\040\000y\000\040\000c\000r\000e\000a\000c\000i\000\363\000n\000\040\000d\000e\000l\000\040\000b\000a\000c\000k\000-\000e\000n\000d}{section.2.3}% 14
\BOOKMARK [2][-]{subsection.2.3.4}{\376\377\000T\000a\000r\000e\000a\000\040\0004\000.\000\040\000D\000i\000s\000e\000\361\000o\000\040\000y\000\040\000c\000r\000e\000a\000c\000i\000\363\000n\000\040\000d\000e\000l\000\040\000f\000r\000o\000n\000t\000-\000e\000n\000d}{section.2.3}% 15
\BOOKMARK [2][-]{subsection.2.3.5}{\376\377\000T\000a\000r\000e\000a\000\040\0005\000.\000\040\000M\000\363\000d\000u\000l\000o\000\040\000d\000e\000\040\000t\000r\000a\000z\000a\000b\000i\000l\000i\000d\000a\000d\000\040\000y\000\040\000c\000i\000t\000a\000c\000i\000\363\000n\000\040\000a\000u\000t\000o\000m\000\341\000t\000i\000c\000a}{section.2.3}% 16
\BOOKMARK [2][-]{subsection.2.3.6}{\376\377\000T\000a\000r\000e\000a\000\040\0006\000.\000\040\000E\000v\000a\000l\000u\000a\000c\000i\000\363\000n\000\040\000d\000e\000l\000\040\000r\000e\000n\000d\000i\000m\000i\000e\000n\000t\000o\000\040\000y\000\040\000d\000e\000\040\000l\000a\000\040\000a\000d\000o\000p\000c\000i\000\363\000n}{section.2.3}% 17
\BOOKMARK [2][-]{subsection.2.3.7}{\376\377\000T\000a\000r\000e\000a\000\040\0007\000.\000\040\000R\000e\000d\000a\000c\000c\000i\000\363\000n\000\040\000d\000e\000\040\000l\000a\000\040\000m\000e\000m\000o\000r\000i\000a\000\040\000y\000\040\000p\000r\000e\000s\000e\000n\000t\000a\000c\000i\000\363\000n\000\040\000f\000i\000n\000a\000l}{section.2.3}% 18
\BOOKMARK [1][-]{section.2.4}{\376\377\000C\000o\000r\000r\000e\000s\000p\000o\000n\000d\000e\000n\000c\000i\000a\000\040\000e\000n\000t\000r\000e\000\040\000o\000b\000j\000e\000t\000i\000v\000o\000s\000\040\000y\000\040\000t\000a\000r\000e\000a\000s}{chapter.2}% 19
\BOOKMARK [0][-]{chapter.3}{\376\377\000M\000a\000r\000c\000o\000\040\000t\000e\000\363\000r\000i\000c\000o\000\040\000/\000\040\000E\000s\000t\000a\000d\000o\000\040\000d\000e\000l\000\040\000a\000r\000t\000e}{}% 20
\BOOKMARK [1][-]{section.3.1}{\376\377\000A\000r\000q\000u\000i\000t\000e\000c\000t\000u\000r\000a\000\040\000T\000r\000a\000n\000s\000f\000o\000r\000m\000e\000r\000s\000\040\000y\000\040\000G\000r\000a\000n\000d\000e\000s\000\040\000M\000o\000d\000e\000l\000o\000s\000\040\000d\000e\000l\000\040\000L\000e\000n\000g\000u\000a\000j\000e}{chapter.3}% 21
\BOOKMARK [2][-]{subsection.3.1.1}{\376\377\000F\000u\000n\000d\000a\000m\000e\000n\000t\000o\000s\000\040\000M\000a\000t\000e\000m\000\341\000t\000i\000c\000o\000s\000\040\000d\000e\000\040\000l\000o\000s\000\040\000T\000r\000a\000n\000s\000f\000o\000r\000m\000e\000r\000s\000\040\000y\000\040\000M\000e\000c\000a\000n\000i\000s\000m\000o\000s\000\040\000d\000e\000\040\000A\000t\000e\000n\000c\000i\000\363\000n}{section.3.1}% 22
\BOOKMARK [2][-]{subsection.3.1.2}{\376\377\000L\000i\000m\000i\000t\000a\000c\000i\000o\000n\000e\000s\000\040\000E\000s\000t\000r\000u\000c\000t\000u\000r\000a\000l\000e\000s\000\040\000d\000e\000\040\000l\000o\000s\000\040\000L\000L\000M\000s}{section.3.1}% 23
\BOOKMARK [2][-]{subsection.3.1.3}{\376\377\000T\000a\000x\000o\000n\000o\000m\000\355\000a\000\040\000d\000e\000l\000\040\000P\000r\000o\000b\000l\000e\000m\000a\000\040\000d\000e\000\040\000l\000a\000s\000\040\000A\000l\000u\000c\000i\000n\000a\000c\000i\000o\000n\000e\000s\000\040\000e\000n\000\040\000D\000o\000m\000i\000n\000i\000o\000s\000\040\000N\000o\000r\000m\000a\000t\000i\000v\000o\000s}{section.3.1}% 24
\BOOKMARK [2][-]{subsection.3.1.4}{\376\377\000R\000e\000s\000t\000r\000i\000c\000c\000i\000o\000n\000e\000s\000\040\000e\000n\000\040\000l\000a\000\040\000V\000e\000n\000t\000a\000n\000a\000\040\000d\000e\000\040\000C\000o\000n\000t\000e\000x\000t\000o\000\040\000y\000\040\000e\000l\000\040\000F\000e\000n\000\363\000m\000e\000n\000o\000\040\000L\000o\000s\000t\000\040\000i\000n\000\040\000t\000h\000e\000\040\000M\000i\000d\000d\000l\000e}{section.3.1}% 25
\BOOKMARK [2][-]{subsection.3.1.5}{\376\377\000V\000o\000l\000a\000t\000i\000l\000i\000d\000a\000d\000\040\000N\000o\000r\000m\000a\000t\000i\000v\000a\000\040\000y\000\040\000F\000a\000l\000t\000a\000\040\000d\000e\000\040\000D\000e\000t\000e\000r\000m\000i\000n\000i\000s\000m\000o\000\040\000y\000\040\000T\000r\000a\000z\000a\000b\000i\000l\000i\000d\000a\000d}{section.3.1}% 26
\BOOKMARK [1][-]{section.3.2}{\376\377\000A\000r\000q\000u\000i\000t\000e\000c\000t\000u\000r\000a\000\040\000R\000e\000t\000r\000i\000e\000v\000a\000l\000-\000A\000u\000g\000m\000e\000n\000t\000e\000d\000\040\000G\000e\000n\000e\000r\000a\000t\000i\000o\000n\000\040\000\050\000R\000A\000G\000\051}{chapter.3}% 27
\BOOKMARK [2][-]{subsection.3.2.1}{\376\377\000D\000e\000s\000c\000o\000m\000p\000o\000s\000i\000c\000i\000\363\000n\000\040\000d\000e\000l\000\040\000P\000i\000p\000e\000l\000i\000n\000e\000\040\000d\000e\000\040\000R\000A\000G\000:\000\040\000I\000n\000d\000e\000x\000a\000c\000i\000\363\000n\000,\000\040\000R\000e\000c\000u\000p\000e\000r\000a\000c\000i\000\363\000n\000\040\000y\000\040\000G\000e\000n\000e\000r\000a\000c\000i\000\363\000n}{section.3.2}% 28
\BOOKMARK [1][-]{section.3.3}{\376\377\000R\000e\000v\000i\000s\000i\000\363\000n\000\040\000C\000r\000\355\000t\000i\000c\000a\000\040\000d\000e\000\040\000l\000a\000\040\000A\000r\000q\000u\000i\000t\000e\000c\000t\000u\000r\000a\000\040\000R\000A\000G\000\040\000e\000n\000\040\000D\000o\000m\000i\000n\000i\000o\000s\000\040\000R\000e\000g\000u\000l\000a\000d\000o\000s}{chapter.3}% 29
\BOOKMARK [1][-]{section.3.4}{\376\377\000A\000l\000u\000c\000i\000n\000a\000c\000i\000o\000n\000e\000s\000\040\000e\000n\000\040\000m\000o\000d\000e\000l\000o\000s\000\040\000d\000e\000\040\000l\000e\000n\000g\000u\000a\000j\000e\000\040\000e\000n\000\040\000e\000n\000t\000o\000r\000n\000o\000s\000\040\000n\000o\000r\000m\000a\000t\000i\000v\000o\000s\000\040\000\050\000d\000e\000f\000i\000n\000i\000c\000i\000\363\000n\000,\000\040\000c\000a\000u\000s\000a\000s\000\040\000y\000\040\000e\000s\000t\000u\000d\000i\000o\000s\000\040\000r\000e\000l\000e\000v\000a\000n\000t\000e\000s\000\051\000.}{chapter.3}% 30
\BOOKMARK [1][-]{section.3.5}{\376\377\000M\000\351\000t\000r\000i\000c\000a\000s\000\040\000d\000e\000\040\000e\000v\000a\000l\000u\000a\000c\000i\000\363\000n\000\040\000e\000n\000\040\000s\000i\000s\000t\000e\000m\000a\000s\000\040\000R\000A\000G\000\040\000\050\000d\000e\000f\000i\000n\000i\000c\000i\000\363\000n\000\040\000f\000o\000r\000m\000a\000l\000\040\000d\000e\000\040\000R\000A\000G\000A\000S\000:\000\040\000f\000i\000d\000e\000l\000i\000d\000a\000d\000,\000\040\000r\000e\000l\000e\000v\000a\000n\000c\000i\000a\000\040\000d\000e\000\040\000r\000e\000s\000p\000u\000e\000s\000t\000a\000,\000\040\000p\000r\000e\000c\000i\000s\000i\000\363\000n\000\040\000y\000\040\000e\000x\000h\000a\000u\000s\000t\000i\000v\000i\000d\000a\000d\000\040\000d\000e\000l\000\040\000c\000o\000n\000t\000e\000x\000t\000o\000,\000\040\000t\000a\000s\000a\000\040\000d\000e\000\040\000a\000l\000u\000c\000i\000n\000a\000c\000i\000o\000n\000e\000s\000,\000\040\000c\000a\000l\000i\000d\000a\000d\000\040\000d\000e\000\040\000c\000i\000t\000a\000c\000i\000\363\000n\000\051\000.}{chapter.3}% 31
\BOOKMARK [0][-]{chapter.4}{\376\377\000M\000a\000r\000c\000o\000\040\000m\000e\000t\000o\000d\000o\000l\000\363\000g\000i\000c\000o}{}% 32
\BOOKMARK [1][-]{section.4.1}{\376\377\000A\000r\000q\000u\000i\000t\000e\000c\000t\000u\000r\000a\000\040\000h\000e\000x\000a\000g\000o\000n\000a\000l\000\040\000c\000o\000m\000o\000\040\000m\000\351\000t\000o\000d\000o\000\040\000d\000e\000\040\000c\000o\000n\000s\000t\000r\000u\000c\000c\000i\000\363\000n\000\040\000d\000e\000l\000\040\000n\000\372\000c\000l\000e\000o\000\040\000R\000A\000G}{chapter.4}% 33
\BOOKMARK [1][-]{section.4.2}{\376\377\000P\000o\000b\000l\000a\000c\000i\000\363\000n\000\040\000y\000\040\000m\000u\000e\000s\000t\000r\000a}{chapter.4}% 34
\BOOKMARK [1][-]{section.4.3}{\376\377\000O\000b\000j\000e\000t\000i\000v\000o\000s\000\040\000d\000e\000\040\000i\000n\000v\000e\000s\000t\000i\000g\000a\000c\000i\000\363\000n}{chapter.4}% 35
\BOOKMARK [1][-]{section.4.4}{\376\377\000V\000a\000r\000i\000a\000b\000l\000e\000s\000\040\000i\000n\000t\000e\000r\000v\000i\000n\000i\000e\000n\000t\000e\000s\000\040\000e\000\040\000i\000n\000s\000t\000r\000u\000m\000e\000n\000t\000o\000s\000\040\000d\000e\000\040\000e\000v\000a\000l\000u\000a\000c\000i\000\363\000n}{chapter.4}% 36
\BOOKMARK [1][-]{section.4.5}{\376\377\000D\000i\000s\000e\000\361\000o\000\040\000e\000x\000p\000e\000r\000i\000m\000e\000n\000t\000a\000l}{chapter.4}% 37
\BOOKMARK [2][-]{subsection.4.5.1}{\376\377\000V\000a\000r\000i\000a\000b\000l\000e\000s\000\040\000i\000n\000t\000e\000r\000v\000i\000n\000i\000e\000n\000t\000e\000s\000\040\000e\000\040\000I\000n\000s\000t\000r\000u\000m\000e\000n\000t\000o\000s\000\040\000d\000e\000\040\000E\000v\000a\000l\000u\000a\000c\000i\000\363\000n}{section.4.5}% 38
\BOOKMARK [1][-]{section.4.6}{\376\377\000M\000o\000d\000e\000l\000o\000\040\000d\000e\000\040\000a\000n\000\341\000l\000i\000s\000i\000s\000\040\000d\000e\000\040\000d\000a\000t\000o\000s}{chapter.4}% 39
\BOOKMARK [1][-]{section.4.7}{\376\377\000C\000o\000n\000f\000i\000g\000u\000r\000a\000c\000i\000\363\000n\000\040\000e\000x\000p\000e\000r\000i\000m\000e\000n\000t\000a\000l\000\040\000d\000e\000l\000\040\000p\000r\000o\000t\000o\000t\000i\000p\000o}{chapter.4}% 40
\BOOKMARK [1][-]{section.4.8}{\376\377\000D\000a\000t\000a\000s\000e\000t\000\040\000d\000e\000\040\000e\000v\000a\000l\000u\000a\000c\000i\000\363\000n\000\040\000y\000\040\000c\000a\000t\000e\000g\000o\000r\000\355\000a\000s}{chapter.4}% 41
\BOOKMARK [1][-]{section.4.9}{\376\377\000O\000r\000i\000g\000e\000n\000\040\000d\000e\000\040\000l\000a\000s\000\040\000m\000\351\000t\000r\000i\000c\000a\000s\000:\000\040\000p\000r\000o\000p\000i\000a\000s\000,\000\040\000j\000u\000e\000z\000\040\000y\000\040\000R\000A\000G\000A\000S}{chapter.4}% 42
\BOOKMARK [0][-]{chapter.5}{\376\377\000A\000r\000q\000u\000i\000t\000e\000c\000t\000u\000r\000a\000\040\000e\000\040\000i\000m\000p\000l\000e\000m\000e\000n\000t\000a\000c\000i\000\363\000n}{}% 43
\BOOKMARK [1][-]{section.5.1}{\376\377\000D\000i\000s\000e\000\361\000o\000\040\000e\000\040\000i\000m\000p\000l\000e\000m\000e\000n\000t\000a\000c\000i\000\363\000n\000\040\000d\000e\000\040\000l\000a\000\040\000a\000p\000l\000i\000c\000a\000c\000i\000\363\000n}{chapter.5}% 44
\BOOKMARK [1][-]{section.5.2}{\376\377\000B\000a\000c\000k\000-\000e\000n\000d\000,\000\040\000d\000i\000s\000e\000\361\000o\000\040\000e\000\040\000i\000m\000p\000l\000e\000m\000e\000n\000t\000a\000c\000i\000\363\000n}{chapter.5}% 45
\BOOKMARK [2][-]{subsection.5.2.1}{\376\377\000C\000a\000p\000a\000\040\000d\000e\000\040\000d\000o\000m\000i\000n\000i\000o}{section.5.2}% 46
\BOOKMARK [2][-]{subsection.5.2.2}{\376\377\000E\000n\000t\000i\000d\000a\000d\000e\000s}{section.5.2}% 47
\BOOKMARK [2][-]{subsection.5.2.3}{\376\377\000O\000b\000j\000e\000t\000o\000s\000\040\000v\000a\000l\000o\000r}{section.5.2}% 48
\BOOKMARK [2][-]{subsection.5.2.4}{\376\377\000E\000n\000u\000m\000e\000r\000a\000d\000o\000s}{section.5.2}% 49
\BOOKMARK [2][-]{subsection.5.2.5}{\376\377\000C\000a\000p\000a\000\040\000d\000e\000\040\000a\000p\000l\000i\000c\000a\000c\000i\000\363\000n}{section.5.2}% 50
\BOOKMARK [2][-]{subsection.5.2.6}{\376\377\000C\000a\000p\000a\000\040\000d\000e\000\040\000a\000d\000a\000p\000t\000a\000d\000o\000r\000e\000s}{section.5.2}% 51
\BOOKMARK [2][-]{subsection.5.2.7}{\376\377\000F\000l\000u\000j\000o\000\040\000e\000n\000d\000-\000t\000o\000-\000e\000n\000d\000\040\000d\000e\000\040\000u\000n\000a\000\040\000c\000o\000n\000s\000u\000l\000t\000a}{section.5.2}% 52
\BOOKMARK [1][-]{section.5.3}{\376\377\000C\000a\000p\000t\000u\000r\000a\000s\000\040\000d\000e\000l\000\040\000p\000r\000o\000t\000o\000t\000i\000p\000o\000\040\000A\000g\000r\000o\000P\000S}{chapter.5}% 53
\BOOKMARK [1][-]{section.5.4}{\376\377\000A\000l\000c\000a\000n\000c\000e\000\040\000m\000u\000l\000t\000i\000m\000o\000d\000a\000l\000\040\000d\000e\000l\000\040\000p\000r\000o\000t\000o\000t\000i\000p\000o}{chapter.5}% 54
\BOOKMARK [0][-]{chapter.6}{\376\377\000D\000e\000s\000p\000l\000i\000e\000g\000u\000e\000\040\000o\000p\000e\000r\000a\000t\000i\000v\000o\000\040\000d\000e\000l\000\040\000p\000r\000o\000t\000o\000t\000i\000p\000o\000\040\000c\000o\000n\000t\000e\000n\000e\000d\000o\000r\000i\000z\000a\000d\000o}{}% 55
\BOOKMARK [1][-]{section.6.1}{\376\377\000D\000e\000s\000p\000l\000i\000e\000g\000u\000e\000\040\000o\000p\000e\000r\000a\000t\000i\000v\000o\000\040\000d\000e\000l\000\040\000p\000r\000o\000t\000o\000t\000i\000p\000o\000\040\000f\000u\000n\000c\000i\000o\000n\000a\000l\000\040\000c\000o\000n\000t\000e\000n\000e\000d\000o\000r\000i\000z\000a\000d\000o}{chapter.6}% 56
\BOOKMARK [1][-]{section.6.2}{\376\377\000D\000e\000s\000p\000l\000i\000e\000g\000u\000e\000\040\000O\000p\000e\000r\000a\000t\000i\000v\000o\000\040\000y\000\040\000A\000r\000q\000u\000i\000t\000e\000c\000t\000u\000r\000a\000\040\000d\000e\000\040\000C\000o\000n\000t\000e\000n\000e\000d\000o\000r\000e\000s\000\040\000\050\000D\000o\000c\000k\000e\000r\000\051}{chapter.6}% 57
\BOOKMARK [0][-]{chapter.7}{\376\377\000E\000v\000a\000l\000u\000a\000c\000i\000\363\000n\000,\000\040\000r\000e\000s\000u\000l\000t\000a\000d\000o\000s\000\040\000y\000\040\000d\000i\000s\000c\000u\000s\000i\000\363\000n}{}% 58
\BOOKMARK [1][-]{section.7.1}{\376\377\000A\000n\000\341\000l\000i\000s\000i\000s\000\040\000d\000e\000s\000c\000r\000i\000p\000t\000i\000v\000o\000\040\000d\000e\000\040\000l\000a\000\040\000m\000u\000e\000s\000t\000r\000a}{chapter.7}% 59
\BOOKMARK [1][-]{section.7.2}{\376\377\000R\000e\000s\000u\000l\000t\000a\000d\000o\000s\000\040\000d\000e\000l\000\040\000r\000e\000c\000u\000p\000e\000r\000a\000d\000o\000r}{chapter.7}% 60
\BOOKMARK [1][-]{section.7.3}{\376\377\000C\000a\000l\000i\000d\000a\000d\000\040\000d\000e\000\040\000g\000e\000n\000e\000r\000a\000c\000i\000\363\000n\000\040\000\050\000L\000L\000M\000-\000a\000s\000-\000a\000-\000J\000u\000d\000g\000e\000\051}{chapter.7}% 61
\BOOKMARK [1][-]{section.7.4}{\376\377\000C\000o\000m\000p\000a\000r\000a\000c\000i\000\363\000n\000\040\000L\000L\000M\000\040\000s\000i\000n\000\040\000R\000A\000G\000\040\000f\000r\000e\000n\000t\000e\000\040\000a\000\040\000L\000L\000M\000\040\000c\000o\000n\000\040\000R\000A\000G}{chapter.7}% 62
\BOOKMARK [1][-]{section.7.5}{\376\377\000R\000e\000s\000u\000l\000t\000a\000d\000o\000s\000\040\000p\000o\000r\000\040\000c\000a\000t\000e\000g\000o\000r\000\355\000a\000\040\000\050\000j\000u\000e\000z\000\040\000y\000\040\000a\000l\000u\000c\000i\000n\000a\000c\000i\000\363\000n\000\051}{chapter.7}% 63
\BOOKMARK [1][-]{section.7.6}{\376\377\000A\000d\000a\000p\000t\000a\000d\000o\000r\000\040\000R\000A\000G\000A\000S}{chapter.7}% 64
\BOOKMARK [1][-]{section.7.7}{\376\377\000F\000a\000l\000l\000o\000s\000\040\000e\000n\000\040\000c\000o\000n\000s\000u\000l\000t\000a\000s\000\040\000d\000e\000\040\000a\000m\000p\000l\000i\000t\000u\000d}{chapter.7}% 65
\BOOKMARK [1][-]{section.7.8}{\376\377\000C\000o\000n\000c\000o\000r\000d\000a\000n\000c\000i\000a\000\040\000e\000x\000p\000e\000r\000t\000o\040\023\000j\000u\000e\000z}{chapter.7}% 66
\BOOKMARK [1][-]{section.7.9}{\376\377\000D\000i\000s\000c\000u\000s\000i\000\363\000n}{chapter.7}% 67
\BOOKMARK [0][-]{chapter.8}{\376\377\000C\000o\000n\000c\000l\000u\000s\000i\000o\000n\000e\000s}{}% 68
\BOOKMARK [1][-]{section.8.1}{\376\377\000L\000i\000m\000i\000t\000a\000c\000i\000o\000n\000e\000s}{chapter.8}% 69
\BOOKMARK [1][-]{section.8.2}{\376\377\000P\000r\000o\000s\000p\000e\000c\000t\000i\000v\000a}{chapter.8}% 70
\BOOKMARK [1][-]{section.8.3}{\376\377\000C\000o\000n\000s\000i\000d\000e\000r\000a\000c\000i\000o\000n\000e\000s\000\040\000f\000i\000n\000a\000l\000e\000s}{chapter.8}% 71
\BOOKMARK [0][-]{appendix.A}{\376\377\000G\000l\000o\000s\000a\000r\000i\000o}{}% 72
\BOOKMARK [0][-]{appendix*.4}{\376\377\000B\000i\000b\000l\000i\000o\000g\000r\000a\000f\000\355\000a}{}% 73
